Category: 🍀超清, Name: 江苏卫视4K, Total: 1, Valid: 0, Valid Percent: 0.00%, Whitelist: 0, IPv4: 0, IPv6: 1, Min Delay: -1 ms, Max Speed: 0.00 M/s, Avg Speed: 0.00 M/s, Max Resolution: None
Category: 🍀超清, Name: 东方卫视4K, Total: 2, Valid: 2, Valid Percent: 100.00%, Whitelist: 0, IPv4: 2, IPv6: 0, Min Delay: 2546 ms, Max Speed: 0.59 M/s, Avg Speed: 0.56 M/s, Max Resolution: 1920x1080
Category: 🍀超清, Name: 苏州4K, Total: 1, Valid: 1, Valid Percent: 100.00%, Whitelist: 0, IPv4: 1, IPv6: 0, Min Delay: 2670 ms, Max Speed: 1.27 M/s, Avg Speed: 1.27 M/s, Max Resolution: None
Category: 🍀超清, Name: 河北4K, Total: 1, Valid: 0, Valid Percent: 0.00%, Whitelist: 0, IPv4: 0, IPv6: 1, Min Delay: -1 ms, Max Speed: 0.00 M/s, Avg Speed: 0.00 M/s, Max Resolution: None
Category: ☘️上海, Name: 上海新闻综合, Total: 1, Valid: 1, Valid Percent: 100.00%, Whitelist: 0, IPv4: 1, IPv6: 0, Min Delay: 1335 ms, Max Speed: 1.42 M/s, Avg Speed: 1.42 M/s, Max Resolution: 1920x1080
Category: ☘️上海, Name: 上海都市, Total: 1, Valid: 0, Valid Percent: 0.00%, Whitelist: 0, IPv4: 0, IPv6: 1, Min Delay: -1 ms, Max Speed: 0.00 M/s, Avg Speed: 0.00 M/s, Max Resolution: None
Category: ☘️上海, Name: 东方影视, Total: 2, Valid: 1, Valid Percent: 50.00%, Whitelist: 0, IPv4: 1, IPv6: 1, Min Delay: 1341 ms, Max Speed: 1.39 M/s, Avg Speed: 1.39 M/s, Max Resolution: None
Category: ☘️上海, Name: 东方财经, Total: 1, Valid: 0, Valid Percent: 0.00%, Whitelist: 0, IPv4: 0, IPv6: 1, Min Delay: -1 ms, Max Speed: 0.00 M/s, Avg Speed: 0.00 M/s, Max Resolution: None
Category: ☘️上海, Name: 五星体育, Total: 1, Valid: 0, Valid Percent: 0.00%, Whitelist: 0, IPv4: 0, IPv6: 1, Min Delay: -1 ms, Max Speed: 0.00 M/s, Avg Speed: 0.00 M/s, Max Resolution: None
Category: ☘️上海, Name: 上海纪实, Total: 1, Valid: 0, Valid Percent: 0.00%, Whitelist: 0, IPv4: 0, IPv6: 1, Min Delay: -1 ms, Max Speed: 0.00 M/s, Avg Speed: 0.00 M/s, Max Resolution: None
Category: ☘️上海, Name: 上海第一财经, Total: 1, Valid: 1, Valid Percent: 100.00%, Whitelist: 0, IPv4: 1, IPv6: 0, Min Delay: 1343 ms, Max Speed: 1.41 M/s, Avg Speed: 1.41 M/s, Max Resolution: 1920x1080
Category: ☘️上海, Name: 第一财经, Total: 1, Valid: 0, Valid Percent: 0.00%, Whitelist: 0, IPv4: 0, IPv6: 1, Min Delay: -1 ms, Max Speed: 0.00 M/s, Avg Speed: 0.00 M/s, Max Resolution: None
Category: ☘️上海, Name: 七彩戏剧, Total: 1, Valid: 1, Valid Percent: 100.00%, Whitelist: 0, IPv4: 1, IPv6: 0, Min Delay: 1338 ms, Max Speed: 1.41 M/s, Avg Speed: 1.41 M/s, Max Resolution: 1920x1080
Category: ☘️上海, Name: 上海外语, Total: 1, Valid: 1, Valid Percent: 100.00%, Whitelist: 0, IPv4: 1, IPv6: 0, Min Delay: 1335 ms, Max Speed: 1.41 M/s, Avg Speed: 1.41 M/s, Max Resolution: 1920x1080
Category: ☘️上海, Name: 欢笑剧场, Total: 5, Valid: 3, Valid Percent: 60.00%, Whitelist: 0, IPv4: 3, IPv6: 2, Min Delay: 472 ms, Max Speed: 11.52 M/s, Avg Speed: 7.62 M/s, Max Resolution: 1920x1080
Category: ☘️上海, Name: 生活时尚, Total: 1, Valid: 0, Valid Percent: 0.00%, Whitelist: 0, IPv4: 0, IPv6: 1, Min Delay: -1 ms, Max Speed: 0.00 M/s, Avg Speed: 0.00 M/s, Max Resolution: None
Category: ☘️上海, Name: 都市剧场, Total: 5, Valid: 2, Valid Percent: 40.00%, Whitelist: 0, IPv4: 2, IPv6: 3, Min Delay: 503 ms, Max Speed: 10.38 M/s, Avg Speed: 10.25 M/s, Max Resolution: 1920x1080
Category: ☘️浙江, Name: 浙江生活, Total: 2, Valid: 2, Valid Percent: 100.00%, Whitelist: 0, IPv4: 2, IPv6: 0, Min Delay: 1925 ms, Max Speed: 1.01 M/s, Avg Speed: 0.96 M/s, Max Resolution: 1920x1080
Category: ☘️浙江, Name: 浙江经济生活, Total: 2, Valid: 2, Valid Percent: 100.00%, Whitelist: 0, IPv4: 2, IPv6: 0, Min Delay: 2051 ms, Max Speed: 1.27 M/s, Avg Speed: 1.11 M/s, Max Resolution: 1920x1080
Category: ☘️浙江, Name: 浙江教科影视, Total: 2, Valid: 2, Valid Percent: 100.00%, Whitelist: 0, IPv4: 2, IPv6: 0, Min Delay: 1709 ms, Max Speed: 0.84 M/s, Avg Speed: 0.80 M/s, Max Resolution: 1920x1080
Category: ☘️浙江, Name: 浙江公共新闻, Total: 3, Valid: 3, Valid Percent: 100.00%, Whitelist: 0, IPv4: 3, IPv6: 0, Min Delay: 1917 ms, Max Speed: 1.46 M/s, Avg Speed: 1.09 M/s, Max Resolution: 1920x1080
Category: ☘️浙江, Name: 浙江民生休闲, Total: 1, Valid: 1, Valid Percent: 100.00%, Whitelist: 0, IPv4: 1, IPv6: 0, Min Delay: 2132 ms, Max Speed: 0.96 M/s, Avg Speed: 0.96 M/s, Max Resolution: 1920x1080
Category: ☘️浙江, Name: 浙江国际, Total: 4, Valid: 4, Valid Percent: 100.00%, Whitelist: 0, IPv4: 4, IPv6: 0, Min Delay: 1635 ms, Max Speed: 0.84 M/s, Avg Speed: 0.75 M/s, Max Resolution: 1920x1080
Category: ☘️浙江, Name: 浙江经视, Total: 1, Valid: 1, Valid Percent: 100.00%, Whitelist: 0, IPv4: 1, IPv6: 0, Min Delay: 2290 ms, Max Speed: 0.80 M/s, Avg Speed: 0.80 M/s, Max Resolution: 1280x720
Category: ☘️浙江, Name: 浙江教科, Total: 1, Valid: 1, Valid Percent: 100.00%, Whitelist: 0, IPv4: 1, IPv6: 0, Min Delay: 1868 ms, Max Speed: 0.95 M/s, Avg Speed: 0.95 M/s, Max Resolution: 1920x1080
Category: ☘️浙江, Name: 浙江经济, Total: 1, Valid: 1, Valid Percent: 100.00%, Whitelist: 0, IPv4: 1, IPv6: 0, Min Delay: 1670 ms, Max Speed: 0.73 M/s, Avg Speed: 0.73 M/s, Max Resolution: 1280x720
Category: ☘️浙江, Name: 浙江新闻, Total: 3, Valid: 3, Valid Percent: 100.00%, Whitelist: 0, IPv4: 3, IPv6: 0, Min Delay: 1699 ms, Max Speed: 0.86 M/s, Avg Speed: 0.80 M/s, Max Resolution: 1920x1080
Category: ☘️浙江, Name: 浙江休闲台, Total: 1, Valid: 1, Valid Percent: 100.00%, Whitelist: 0, IPv4: 1, IPv6: 0, Min Delay: 2068 ms, Max Speed: 0.77 M/s, Avg Speed: 0.77 M/s, Max Resolution: 1280x720
Category: ☘️浙江, Name: 浙江教育, Total: 1, Valid: 1, Valid Percent: 100.00%, Whitelist: 0, IPv4: 1, IPv6: 0, Min Delay: 1654 ms, Max Speed: 0.58 M/s, Avg Speed: 0.58 M/s, Max Resolution: 1280x720
Category: ☘️浙江, Name: 浙江民生, Total: 4, Valid: 4, Valid Percent: 100.00%, Whitelist: 0, IPv4: 4, IPv6: 0, Min Delay: 1851 ms, Max Speed: 1.15 M/s, Avg Speed: 1.01 M/s, Max Resolution: 1920x1080
Category: ☘️江苏, Name: 江苏综艺, Total: 1, Valid: 0, Valid Percent: 0.00%, Whitelist: 0, IPv4: 0, IPv6: 1, Min Delay: -1 ms, Max Speed: 0.00 M/s, Avg Speed: 0.00 M/s, Max Resolution: None
Category: ☘️江苏, Name: 江苏影视, Total: 1, Valid: 0, Valid Percent: 0.00%, Whitelist: 0, IPv4: 0, IPv6: 1, Min Delay: -1 ms, Max Speed: 0.00 M/s, Avg Speed: 0.00 M/s, Max Resolution: None
Category: ☘️江苏, Name: 江苏体育, Total: 1, Valid: 0, Valid Percent: 0.00%, Whitelist: 0, IPv4: 0, IPv6: 1, Min Delay: -1 ms, Max Speed: 0.00 M/s, Avg Speed: 0.00 M/s, Max Resolution: None
Category: ☘️江苏, Name: 江苏公共, Total: 1, Valid: 0, Valid Percent: 0.00%, Whitelist: 0, IPv4: 0, IPv6: 1, Min Delay: -1 ms, Max Speed: 0.00 M/s, Avg Speed: 0.00 M/s, Max Resolution: None
Category: ☘️江苏, Name: 江苏城市, Total: 1, Valid: 0, Valid Percent: 0.00%, Whitelist: 0, IPv4: 0, IPv6: 1, Min Delay: -1 ms, Max Speed: 0.00 M/s, Avg Speed: 0.00 M/s, Max Resolution: None
Category: ☘️江苏, Name: 江苏教育, Total: 2, Valid: 0, Valid Percent: 0.00%, Whitelist: 0, IPv4: 0, IPv6: 2, Min Delay: -1 ms, Max Speed: 0.00 M/s, Avg Speed: 0.00 M/s, Max Resolution: None
Category: ☘️江苏, Name: 江苏国际, Total: 1, Valid: 0, Valid Percent: 0.00%, Whitelist: 0, IPv4: 0, IPv6: 1, Min Delay: -1 ms, Max Speed: 0.00 M/s, Avg Speed: 0.00 M/s, Max Resolution: None
Category: ☘️江苏, Name: 南京教科, Total: 1, Valid: 0, Valid Percent: 0.00%, Whitelist: 0, IPv4: 0, IPv6: 1, Min Delay: -1 ms, Max Speed: 0.00 M/s, Avg Speed: 0.00 M/s, Max Resolution: None
Category: ☘️江苏, Name: 无锡经济, Total: 5, Valid: 0, Valid Percent: 0.00%, Whitelist: 0, IPv4: 0, IPv6: 5, Min Delay: -1 ms, Max Speed: 0.00 M/s, Avg Speed: 0.00 M/s, Max Resolution: None
Category: ☘️江苏, Name: 淮阴综合, Total: 1, Valid: 0, Valid Percent: 0.00%, Whitelist: 0, IPv4: 0, IPv6: 1, Min Delay: -1 ms, Max Speed: 0.00 M/s, Avg Speed: 0.00 M/s, Max Resolution: None
Category: ☘️江苏, Name: 苏州社会经济, Total: 1, Valid: 1, Valid Percent: 100.00%, Whitelist: 0, IPv4: 1, IPv6: 0, Min Delay: 1663 ms, Max Speed: 0.74 M/s, Avg Speed: 0.74 M/s, Max Resolution: 1920x1080
Category: ☘️河南, Name: 洛阳综合, Total: 1, Valid: 0, Valid Percent: 0.00%, Whitelist: 0, IPv4: 0, IPv6: 1, Min Delay: -1 ms, Max Speed: 0.00 M/s, Avg Speed: 0.00 M/s, Max Resolution: None
Category: ☘️河南, Name: 洛阳科教, Total: 2, Valid: 0, Valid Percent: 0.00%, Whitelist: 0, IPv4: 0, IPv6: 2, Min Delay: -1 ms, Max Speed: 0.00 M/s, Avg Speed: 0.00 M/s, Max Resolution: None
Category: ☘️河南, Name: 洛阳文旅, Total: 2, Valid: 0, Valid Percent: 0.00%, Whitelist: 0, IPv4: 0, IPv6: 2, Min Delay: -1 ms, Max Speed: 0.00 M/s, Avg Speed: 0.00 M/s, Max Resolution: None
Category: ☘️河北, Name: 邯郸公共, Total: 1, Valid: 0, Valid Percent: 0.00%, Whitelist: 0, IPv4: 0, IPv6: 1, Min Delay: -1 ms, Max Speed: 0.00 M/s, Avg Speed: 0.00 M/s, Max Resolution: None
Category: ☘️河北, Name: 邯郸新闻, Total: 1, Valid: 0, Valid Percent: 0.00%, Whitelist: 0, IPv4: 0, IPv6: 1, Min Delay: -1 ms, Max Speed: 0.00 M/s, Avg Speed: 0.00 M/s, Max Resolution: None
Category: ☘️河北, Name: 邯郸科教, Total: 1, Valid: 0, Valid Percent: 0.00%, Whitelist: 0, IPv4: 0, IPv6: 1, Min Delay: -1 ms, Max Speed: 0.00 M/s, Avg Speed: 0.00 M/s, Max Resolution: None
Category: ☘️河北, Name: 邢台综合, Total: 4, Valid: 0, Valid Percent: 0.00%, Whitelist: 0, IPv4: 0, IPv6: 4, Min Delay: -1 ms, Max Speed: 0.00 M/s, Avg Speed: 0.00 M/s, Max Resolution: None
Category: ☘️天津, Name: 天津影视, Total: 2, Valid: 2, Valid Percent: 100.00%, Whitelist: 0, IPv4: 2, IPv6: 0, Min Delay: 235 ms, Max Speed: 5.15 M/s, Avg Speed: 4.89 M/s, Max Resolution: 1280x720
Category: ☘️山东, Name: 山东教育, Total: 1, Valid: 0, Valid Percent: 0.00%, Whitelist: 0, IPv4: 0, IPv6: 1, Min Delay: -1 ms, Max Speed: 0.00 M/s, Avg Speed: 0.00 M/s, Max Resolution: None
Category: ☘️山东, Name: 山东体育, Total: 1, Valid: 0, Valid Percent: 0.00%, Whitelist: 0, IPv4: 0, IPv6: 1, Min Delay: -1 ms, Max Speed: 0.00 M/s, Avg Speed: 0.00 M/s, Max Resolution: None
Category: ☘️陕西, Name: 陕西农林卫视, Total: 1, Valid: 0, Valid Percent: 0.00%, Whitelist: 0, IPv4: 0, IPv6: 1, Min Delay: -1 ms, Max Speed: 0.00 M/s, Avg Speed: 0.00 M/s, Max Resolution: None
Category: ☘️安徽, Name: 安徽影视, Total: 3, Valid: 0, Valid Percent: 0.00%, Whitelist: 0, IPv4: 0, IPv6: 3, Min Delay: -1 ms, Max Speed: 0.00 M/s, Avg Speed: 0.00 M/s, Max Resolution: None
Category: ☘️安徽, Name: 安徽导视, Total: 2, Valid: 1, Valid Percent: 50.00%, Whitelist: 0, IPv4: 1, IPv6: 1, Min Delay: 2251 ms, Max Speed: 1.13 M/s, Avg Speed: 1.13 M/s, Max Resolution: 1920x1080
Category: ☘️安徽, Name: 黄山新闻综合, Total: 2, Valid: 0, Valid Percent: 0.00%, Whitelist: 0, IPv4: 0, IPv6: 2, Min Delay: -1 ms, Max Speed: 0.00 M/s, Avg Speed: 0.00 M/s, Max Resolution: None
Category: ☘️安徽, Name: 黄山公共生活, Total: 1, Valid: 0, Valid Percent: 0.00%, Whitelist: 0, IPv4: 0, IPv6: 1, Min Delay: -1 ms, Max Speed: 0.00 M/s, Avg Speed: 0.00 M/s, Max Resolution: None
Category: ☘️重庆, Name: 重庆新闻, Total: 1, Valid: 1, Valid Percent: 100.00%, Whitelist: 0, IPv4: 1, IPv6: 0, Min Delay: 376 ms, Max Speed: 7.11 M/s, Avg Speed: 7.11 M/s, Max Resolution: 1920x1080
Category: ☘️重庆, Name: 璧山综合, Total: 1, Valid: 1, Valid Percent: 100.00%, Whitelist: 0, IPv4: 1, IPv6: 0, Min Delay: 5276 ms, Max Speed: 0.51 M/s, Avg Speed: 0.51 M/s, Max Resolution: 1920x1080
Category: ☘️四川, Name: 广安公共, Total: 3, Valid: 0, Valid Percent: 0.00%, Whitelist: 0, IPv4: 0, IPv6: 3, Min Delay: -1 ms, Max Speed: 0.00 M/s, Avg Speed: 0.00 M/s, Max Resolution: None
Category: ☘️四川, Name: 雅安新闻综合, Total: 1, Valid: 1, Valid Percent: 100.00%, Whitelist: 0, IPv4: 1, IPv6: 0, Min Delay: 2342 ms, Max Speed: 0.73 M/s, Avg Speed: 0.73 M/s, Max Resolution: None
Category: ☘️黑龙江, Name: 黑龙江文体, Total: 1, Valid: 0, Valid Percent: 0.00%, Whitelist: 0, IPv4: 0, IPv6: 1, Min Delay: -1 ms, Max Speed: 0.00 M/s, Avg Speed: 0.00 M/s, Max Resolution: None
Category: ☘️黑龙江, Name: 黑龙江都市, Total: 1, Valid: 0, Valid Percent: 0.00%, Whitelist: 0, IPv4: 0, IPv6: 1, Min Delay: -1 ms, Max Speed: 0.00 M/s, Avg Speed: 0.00 M/s, Max Resolution: None
Category: ☘️黑龙江, Name: 黑龙江新闻, Total: 1, Valid: 0, Valid Percent: 0.00%, Whitelist: 0, IPv4: 0, IPv6: 1, Min Delay: -1 ms, Max Speed: 0.00 M/s, Avg Speed: 0.00 M/s, Max Resolution: None
Category: ☘️吉林, Name: 延边卫视, Total: 5, Valid: 5, Valid Percent: 100.00%, Whitelist: 0, IPv4: 5, IPv6: 0, Min Delay: 804 ms, Max Speed: 3.62 M/s, Avg Speed: 1.53 M/s, Max Resolution: 1920x1080
Category: ☘️甘肃, Name: 甘肃经济, Total: 1, Valid: 0, Valid Percent: 0.00%, Whitelist: 0, IPv4: 0, IPv6: 1, Min Delay: -1 ms, Max Speed: 0.00 M/s, Avg Speed: 0.00 M/s, Max Resolution: None
Category: ☘️甘肃, Name: 甘肃都市, Total: 1, Valid: 0, Valid Percent: 0.00%, Whitelist: 0, IPv4: 0, IPv6: 1, Min Delay: -1 ms, Max Speed: 0.00 M/s, Avg Speed: 0.00 M/s, Max Resolution: None
Category: ☘️青海, Name: 西宁新闻综合, Total: 1, Valid: 0, Valid Percent: 0.00%, Whitelist: 0, IPv4: 0, IPv6: 1, Min Delay: -1 ms, Max Speed: 0.00 M/s, Avg Speed: 0.00 M/s, Max Resolution: None
Category: ☘️青海, Name: 西宁生活服务, Total: 2, Valid: 0, Valid Percent: 0.00%, Whitelist: 0, IPv4: 0, IPv6: 2, Min Delay: -1 ms, Max Speed: 0.00 M/s, Avg Speed: 0.00 M/s, Max Resolution: None
Category: ☘️青海, Name: 安多卫视, Total: 4, Valid: 1, Valid Percent: 25.00%, Whitelist: 0, IPv4: 1, IPv6: 3, Min Delay: 1311 ms, Max Speed: 1.20 M/s, Avg Speed: 1.20 M/s, Max Resolution: 1920x1080
Category: ☘️福建, Name: 福建公共, Total: 1, Valid: 1, Valid Percent: 100.00%, Whitelist: 0, IPv4: 1, IPv6: 0, Min Delay: 89 ms, Max Speed: 59.79 M/s, Avg Speed: 59.79 M/s, Max Resolution: 1920x1080
Category: ☘️福建, Name: 福建旅游, Total: 4, Valid: 4, Valid Percent: 100.00%, Whitelist: 0, IPv4: 4, IPv6: 0, Min Delay: 48 ms, Max Speed: 106.29 M/s, Avg Speed: 73.28 M/s, Max Resolution: 1920x1080
Category: ☘️广东, Name: 广东珠江, Total: 14, Valid: 8, Valid Percent: 57.14%, Whitelist: 0, IPv4: 8, IPv6: 6, Min Delay: 230 ms, Max Speed: 10.98 M/s, Avg Speed: 6.94 M/s, Max Resolution: 1920x1080
Category: ☘️广东, Name: 广东体育, Total: 10, Valid: 5, Valid Percent: 50.00%, Whitelist: 0, IPv4: 5, IPv6: 5, Min Delay: 199 ms, Max Speed: 8.62 M/s, Avg Speed: 6.70 M/s, Max Resolution: 1280x720
Category: ☘️广东, Name: 广东新闻, Total: 3, Valid: 3, Valid Percent: 100.00%, Whitelist: 0, IPv4: 3, IPv6: 0, Min Delay: 224 ms, Max Speed: 6.33 M/s, Avg Speed: 5.11 M/s, Max Resolution: 1280x720
Category: ☘️广东, Name: 广东民生, Total: 9, Valid: 7, Valid Percent: 77.78%, Whitelist: 0, IPv4: 7, IPv6: 2, Min Delay: 245 ms, Max Speed: 5.62 M/s, Avg Speed: 3.25 M/s, Max Resolution: 1280x720
Category: ☘️广东, Name: 大湾区卫视, Total: 9, Valid: 8, Valid Percent: 88.89%, Whitelist: 0, IPv4: 8, IPv6: 1, Min Delay: 378 ms, Max Speed: 15.07 M/s, Avg Speed: 4.77 M/s, Max Resolution: 1920x1080
Category: ☘️广东, Name: 广州综合, Total: 5, Valid: 0, Valid Percent: 0.00%, Whitelist: 0, IPv4: 0, IPv6: 5, Min Delay: -1 ms, Max Speed: 0.00 M/s, Avg Speed: 0.00 M/s, Max Resolution: None
Category: ☘️广西, Name: 广西新闻, Total: 6, Valid: 6, Valid Percent: 100.00%, Whitelist: 0, IPv4: 6, IPv6: 0, Min Delay: 342 ms, Max Speed: 11.96 M/s, Avg Speed: 8.27 M/s, Max Resolution: 1920x1080
Category: ☘️广西, Name: 广西国际, Total: 5, Valid: 4, Valid Percent: 80.00%, Whitelist: 0, IPv4: 4, IPv6: 1, Min Delay: 372 ms, Max Speed: 13.64 M/s, Avg Speed: 11.33 M/s, Max Resolution: 1920x1080
Category: ☘️广西, Name: 广西影视, Total: 3, Valid: 3, Valid Percent: 100.00%, Whitelist: 0, IPv4: 3, IPv6: 0, Min Delay: 522 ms, Max Speed: 9.75 M/s, Avg Speed: 9.09 M/s, Max Resolution: 1920x1080
Category: ☘️广西, Name: 广西都市, Total: 3, Valid: 3, Valid Percent: 100.00%, Whitelist: 0, IPv4: 3, IPv6: 0, Min Delay: 395 ms, Max Speed: 13.03 M/s, Avg Speed: 9.60 M/s, Max Resolution: 1920x1080
Category: ☘️广西, Name: 南宁都市生活, Total: 1, Valid: 0, Valid Percent: 0.00%, Whitelist: 0, IPv4: 0, IPv6: 1, Min Delay: -1 ms, Max Speed: 0.00 M/s, Avg Speed: 0.00 M/s, Max Resolution: None
Category: ☘️海南, Name: 海南新闻, Total: 1, Valid: 1, Valid Percent: 100.00%, Whitelist: 0, IPv4: 1, IPv6: 0, Min Delay: 2352 ms, Max Speed: 0.74 M/s, Avg Speed: 0.74 M/s, Max Resolution: 1920x1080
Category: 🏀体育, Name: 纬来体育, Total: 5, Valid: 0, Valid Percent: 0.00%, Whitelist: 0, IPv4: 0, IPv6: 5, Min Delay: -1 ms, Max Speed: 0.00 M/s, Avg Speed: 0.00 M/s, Max Resolution: None
Category: 🏀体育, Name: 五星体育, Total: 1, Valid: 0, Valid Percent: 0.00%, Whitelist: 0, IPv4: 0, IPv6: 1, Min Delay: -1 ms, Max Speed: 0.00 M/s, Avg Speed: 0.00 M/s, Max Resolution: None
Category: 🏀体育, Name: 劲爆体育, Total: 1, Valid: 1, Valid Percent: 100.00%, Whitelist: 0, IPv4: 1, IPv6: 0, Min Delay: 1338 ms, Max Speed: 1.18 M/s, Avg Speed: 1.18 M/s, Max Resolution: None
Category: 🏀体育, Name: 山东体育, Total: 1, Valid: 0, Valid Percent: 0.00%, Whitelist: 0, IPv4: 0, IPv6: 1, Min Delay: -1 ms, Max Speed: 0.00 M/s, Avg Speed: 0.00 M/s, Max Resolution: None
Category: 🏀体育, Name: 天津体育, Total: 2, Valid: 2, Valid Percent: 100.00%, Whitelist: 0, IPv4: 2, IPv6: 0, Min Delay: 291 ms, Max Speed: 5.21 M/s, Avg Speed: 5.04 M/s, Max Resolution: 1280x720
Category: 🏀体育, Name: 江苏体育, Total: 1, Valid: 0, Valid Percent: 0.00%, Whitelist: 0, IPv4: 0, IPv6: 1, Min Delay: -1 ms, Max Speed: 0.00 M/s, Avg Speed: 0.00 M/s, Max Resolution: None
Category: 🏀体育, Name: 睛彩篮球, Total: 1, Valid: 0, Valid Percent: 0.00%, Whitelist: 0, IPv4: 0, IPv6: 1, Min Delay: -1 ms, Max Speed: 0.00 M/s, Avg Speed: 0.00 M/s, Max Resolution: None
Category: 🏀体育, Name: 睛彩广场舞, Total: 2, Valid: 0, Valid Percent: 0.00%, Whitelist: 0, IPv4: 0, IPv6: 2, Min Delay: -1 ms, Max Speed: 0.00 M/s, Avg Speed: 0.00 M/s, Max Resolution: None
Category: 🏀体育, Name: 魅力足球, Total: 1, Valid: 1, Valid Percent: 100.00%, Whitelist: 0, IPv4: 1, IPv6: 0, Min Delay: 1338 ms, Max Speed: 2.25 M/s, Avg Speed: 2.25 M/s, Max Resolution: None
Category: 🎵音乐, Name: 风云音乐, Total: 6, Valid: 4, Valid Percent: 66.67%, Whitelist: 0, IPv4: 4, IPv6: 2, Min Delay: 83 ms, Max Speed: 66.86 M/s, Avg Speed: 34.04 M/s, Max Resolution: 1920x1080
Category: 🌊港澳, Name: 凤凰中文, Total: 7, Valid: 4, Valid Percent: 57.14%, Whitelist: 0, IPv4: 4, IPv6: 3, Min Delay: 330 ms, Max Speed: 4.75 M/s, Avg Speed: 2.11 M/s, Max Resolution: 1920x1080
Category: 🌊港澳, Name: 凤凰资讯, Total: 8, Valid: 4, Valid Percent: 50.00%, Whitelist: 0, IPv4: 4, IPv6: 4, Min Delay: 486 ms, Max Speed: 3.04 M/s, Avg Speed: 1.52 M/s, Max Resolution: 1920x1080
Category: 🌊港澳, Name: 凤凰香港, Total: 5, Valid: 1, Valid Percent: 20.00%, Whitelist: 0, IPv4: 1, IPv6: 4, Min Delay: 268 ms, Max Speed: 4.95 M/s, Avg Speed: 4.95 M/s, Max Resolution: 1280x720
Category: 🌊港澳, Name: 凤凰卫视, Total: 3, Valid: 3, Valid Percent: 100.00%, Whitelist: 0, IPv4: 3, IPv6: 0, Min Delay: 60 ms, Max Speed: 77.29 M/s, Avg Speed: 67.49 M/s, Max Resolution: 1920x1080
Category: 🌊港澳, Name: 香港卫视, Total: 1, Valid: 0, Valid Percent: 0.00%, Whitelist: 0, IPv4: 0, IPv6: 1, Min Delay: -1 ms, Max Speed: 0.00 M/s, Avg Speed: 0.00 M/s, Max Resolution: None
Category: 🌊港澳, Name: 翡翠台, Total: 10, Valid: 1, Valid Percent: 10.00%, Whitelist: 0, IPv4: 1, IPv6: 9, Min Delay: 3672 ms, Max Speed: 1.57 M/s, Avg Speed: 1.57 M/s, Max Resolution: 1920x1080
Category: 🌊港澳, Name: 明珠台, Total: 8, Valid: 0, Valid Percent: 0.00%, Whitelist: 0, IPv4: 0, IPv6: 8, Min Delay: -1 ms, Max Speed: 0.00 M/s, Avg Speed: 0.00 M/s, Max Resolution: None
Category: 🌊港澳, Name: TVBS亚洲, Total: 6, Valid: 4, Valid Percent: 66.67%, Whitelist: 0, IPv4: 4, IPv6: 2, Min Delay: 2424 ms, Max Speed: 1.15 M/s, Avg Speed: 0.89 M/s, Max Resolution: 1920x1080
Category: 🌊港澳, Name: TVB1, Total: 2, Valid: 1, Valid Percent: 50.00%, Whitelist: 0, IPv4: 1, IPv6: 1, Min Delay: 439 ms, Max Speed: 3.31 M/s, Avg Speed: 3.31 M/s, Max Resolution: 1920x1080
Category: 🌊港澳, Name: J2, Total: 1, Valid: 0, Valid Percent: 0.00%, Whitelist: 0, IPv4: 0, IPv6: 1, Min Delay: -1 ms, Max Speed: 0.00 M/s, Avg Speed: 0.00 M/s, Max Resolution: None
Category: 🌊港澳, Name: 星卫娱乐, Total: 1, Valid: 0, Valid Percent: 0.00%, Whitelist: 0, IPv4: 0, IPv6: 1, Min Delay: -1 ms, Max Speed: 0.00 M/s, Avg Speed: 0.00 M/s, Max Resolution: None
Category: 🌊港澳, Name: 天映经典, Total: 6, Valid: 1, Valid Percent: 16.67%, Whitelist: 0, IPv4: 1, IPv6: 5, Min Delay: 113 ms, Max Speed: 30.03 M/s, Avg Speed: 30.03 M/s, Max Resolution: 1920x1080
Category: 🌊港澳, Name: 千禧经典, Total: 1, Valid: 0, Valid Percent: 0.00%, Whitelist: 0, IPv4: 0, IPv6: 1, Min Delay: -1 ms, Max Speed: 0.00 M/s, Avg Speed: 0.00 M/s, Max Resolution: None
Category: 🌊港澳, Name: PopC, Total: 4, Valid: 1, Valid Percent: 25.00%, Whitelist: 0, IPv4: 1, IPv6: 3, Min Delay: 128 ms, Max Speed: 1.90 M/s, Avg Speed: 1.90 M/s, Max Resolution: 1920x1080
Category: 🌊港澳, Name: HOY77, Total: 3, Valid: 0, Valid Percent: 0.00%, Whitelist: 0, IPv4: 0, IPv6: 3, Min Delay: -1 ms, Max Speed: 0.00 M/s, Avg Speed: 0.00 M/s, Max Resolution: None
Category: 🌊港澳, Name: HOY78, Total: 3, Valid: 0, Valid Percent: 0.00%, Whitelist: 0, IPv4: 0, IPv6: 3, Min Delay: -1 ms, Max Speed: 0.00 M/s, Avg Speed: 0.00 M/s, Max Resolution: None
Category: 🌊港澳, Name: 莲花卫视, Total: 1, Valid: 0, Valid Percent: 0.00%, Whitelist: 0, IPv4: 0, IPv6: 1, Min Delay: -1 ms, Max Speed: 0.00 M/s, Avg Speed: 0.00 M/s, Max Resolution: None
Category: 🌊港澳, Name: 澳亚卫视, Total: 1, Valid: 0, Valid Percent: 0.00%, Whitelist: 0, IPv4: 0, IPv6: 1, Min Delay: -1 ms, Max Speed: 0.00 M/s, Avg Speed: 0.00 M/s, Max Resolution: None
Category: 🌊港澳, Name: 澳视澳门, Total: 3, Valid: 0, Valid Percent: 0.00%, Whitelist: 0, IPv4: 0, IPv6: 3, Min Delay: -1 ms, Max Speed: 0.00 M/s, Avg Speed: 0.00 M/s, Max Resolution: None
Category: 🌿新马, Name: CNA, Total: 1, Valid: 0, Valid Percent: 0.00%, Whitelist: 0, IPv4: 0, IPv6: 1, Min Delay: -1 ms, Max Speed: 0.00 M/s, Avg Speed: 0.00 M/s, Max Resolution: None
Category: 🌿新马, Name: Astro QJ, Total: 1, Valid: 0, Valid Percent: 0.00%, Whitelist: 0, IPv4: 0, IPv6: 1, Min Delay: -1 ms, Max Speed: 0.00 M/s, Avg Speed: 0.00 M/s, Max Resolution: None
Category: 🌿新马, Name: Astro AEC, Total: 1, Valid: 0, Valid Percent: 0.00%, Whitelist: 0, IPv4: 0, IPv6: 1, Min Delay: -1 ms, Max Speed: 0.00 M/s, Avg Speed: 0.00 M/s, Max Resolution: None
Category: 🌐台讯, Name: 中天新闻, Total: 9, Valid: 1, Valid Percent: 11.11%, Whitelist: 0, IPv4: 1, IPv6: 8, Min Delay: 473 ms, Max Speed: 0.59 M/s, Avg Speed: 0.59 M/s, Max Resolution: 1920x1080
Category: 🌐台讯, Name: TVBS新闻, Total: 3, Valid: 2, Valid Percent: 66.67%, Whitelist: 0, IPv4: 2, IPv6: 1, Min Delay: 3386 ms, Max Speed: 0.72 M/s, Avg Speed: 0.67 M/s, Max Resolution: None
Category: 🌐台讯, Name: TVBS亚洲, Total: 2, Valid: 0, Valid Percent: 0.00%, Whitelist: 0, IPv4: 0, IPv6: 2, Min Delay: -1 ms, Max Speed: 0.00 M/s, Avg Speed: 0.00 M/s, Max Resolution: None
Category: 🌐台讯, Name: 寰宇新闻, Total: 7, Valid: 1, Valid Percent: 14.29%, Whitelist: 0, IPv4: 1, IPv6: 6, Min Delay: 175 ms, Max Speed: 13.59 M/s, Avg Speed: 13.59 M/s, Max Resolution: 1280x720
Category: 🌐台讯, Name: 台视新闻, Total: 3, Valid: 3, Valid Percent: 100.00%, Whitelist: 0, IPv4: 3, IPv6: 0, Min Delay: 2263 ms, Max Speed: 0.89 M/s, Avg Speed: 0.76 M/s, Max Resolution: 1920x1080
Category: 🌐台讯, Name: 民视新闻, Total: 3, Valid: 2, Valid Percent: 66.67%, Whitelist: 0, IPv4: 2, IPv6: 1, Min Delay: 2691 ms, Max Speed: 0.58 M/s, Avg Speed: 0.55 M/s, Max Resolution: 1920x1080
Category: 🌐台讯, Name: 三立新闻, Total: 6, Valid: 1, Valid Percent: 16.67%, Whitelist: 0, IPv4: 1, IPv6: 5, Min Delay: 488 ms, Max Speed: 1.53 M/s, Avg Speed: 1.53 M/s, Max Resolution: 1920x1080
Category: 🌐台讯, Name: 靖天资讯, Total: 4, Valid: 0, Valid Percent: 0.00%, Whitelist: 0, IPv4: 0, IPv6: 4, Min Delay: -1 ms, Max Speed: 0.00 M/s, Avg Speed: 0.00 M/s, Max Resolution: None
Category: 🌐台综, Name: 台视, Total: 1, Valid: 1, Valid Percent: 100.00%, Whitelist: 0, IPv4: 1, IPv6: 0, Min Delay: 488 ms, Max Speed: 1.50 M/s, Avg Speed: 1.50 M/s, Max Resolution: None
Category: 🌐台综, Name: 中视, Total: 6, Valid: 1, Valid Percent: 16.67%, Whitelist: 0, IPv4: 1, IPv6: 5, Min Delay: 5005 ms, Max Speed: 2.15 M/s, Avg Speed: 2.15 M/s, Max Resolution: 1920x1080
Category: 🌐台综, Name: 华视, Total: 6, Valid: 0, Valid Percent: 0.00%, Whitelist: 0, IPv4: 0, IPv6: 6, Min Delay: -1 ms, Max Speed: 0.00 M/s, Avg Speed: 0.00 M/s, Max Resolution: None
Category: 🌐台综, Name: 三立台湾, Total: 3, Valid: 1, Valid Percent: 33.33%, Whitelist: 0, IPv4: 1, IPv6: 2, Min Delay: 484 ms, Max Speed: 0.78 M/s, Avg Speed: 0.78 M/s, Max Resolution: 1920x1080
Category: 🌐台综, Name: 东森超视, Total: 4, Valid: 2, Valid Percent: 50.00%, Whitelist: 0, IPv4: 2, IPv6: 2, Min Delay: 1426 ms, Max Speed: 0.92 M/s, Avg Speed: 0.75 M/s, Max Resolution: 1920x1080
Category: 🌐台综, Name: 东森综合, Total: 2, Valid: 0, Valid Percent: 0.00%, Whitelist: 0, IPv4: 0, IPv6: 2, Min Delay: -1 ms, Max Speed: 0.00 M/s, Avg Speed: 0.00 M/s, Max Resolution: None
Category: 🌐台综, Name: 靖天国际, Total: 1, Valid: 1, Valid Percent: 100.00%, Whitelist: 0, IPv4: 1, IPv6: 0, Min Delay: 541 ms, Max Speed: 0.81 M/s, Avg Speed: 0.81 M/s, Max Resolution: None
Category: 🌐台娱, Name: TVBS欢乐, Total: 1, Valid: 1, Valid Percent: 100.00%, Whitelist: 0, IPv4: 1, IPv6: 0, Min Delay: 1114 ms, Max Speed: 0.52 M/s, Avg Speed: 0.52 M/s, Max Resolution: 1280x720
Category: 🌐台剧, Name: 靖天戏剧, Total: 7, Valid: 0, Valid Percent: 0.00%, Whitelist: 0, IPv4: 0, IPv6: 7, Min Delay: -1 ms, Max Speed: 0.00 M/s, Avg Speed: 0.00 M/s, Max Resolution: None
Category: 🌐台剧, Name: 靖洋戏剧, Total: 1, Valid: 1, Valid Percent: 100.00%, Whitelist: 0, IPv4: 1, IPv6: 0, Min Delay: 498 ms, Max Speed: 0.61 M/s, Avg Speed: 0.61 M/s, Max Resolution: None
Category: 🌐台剧, Name: 龙华戏剧, Total: 2, Valid: 0, Valid Percent: 0.00%, Whitelist: 0, IPv4: 0, IPv6: 2, Min Delay: -1 ms, Max Speed: 0.00 M/s, Avg Speed: 0.00 M/s, Max Resolution: None
Category: 🌐台剧, Name: 龙华偶像, Total: 4, Valid: 1, Valid Percent: 25.00%, Whitelist: 0, IPv4: 1, IPv6: 3, Min Delay: 505 ms, Max Speed: 0.62 M/s, Avg Speed: 0.62 M/s, Max Resolution: None
Category: 🌐台剧, Name: 龙华日韩, Total: 9, Valid: 0, Valid Percent: 0.00%, Whitelist: 0, IPv4: 0, IPv6: 9, Min Delay: -1 ms, Max Speed: 0.00 M/s, Avg Speed: 0.00 M/s, Max Resolution: None
Category: 🌐台剧, Name: 天映经典, Total: 5, Valid: 0, Valid Percent: 0.00%, Whitelist: 0, IPv4: 0, IPv6: 5, Min Delay: -1 ms, Max Speed: 0.00 M/s, Avg Speed: 0.00 M/s, Max Resolution: None
Category: 🎬台影, Name: 东森电影, Total: 5, Valid: 0, Valid Percent: 0.00%, Whitelist: 0, IPv4: 0, IPv6: 5, Min Delay: -1 ms, Max Speed: 0.00 M/s, Avg Speed: 0.00 M/s, Max Resolution: None
Category: 🎬台影, Name: 东森洋片, Total: 2, Valid: 1, Valid Percent: 50.00%, Whitelist: 0, IPv4: 1, IPv6: 1, Min Delay: 601 ms, Max Speed: 1.67 M/s, Avg Speed: 1.67 M/s, Max Resolution: 1280x720
Category: 🎬台影, Name: 纬来电影, Total: 4, Valid: 0, Valid Percent: 0.00%, Whitelist: 0, IPv4: 0, IPv6: 4, Min Delay: -1 ms, Max Speed: 0.00 M/s, Avg Speed: 0.00 M/s, Max Resolution: None
Category: 🎬台影, Name: 星卫电影, Total: 1, Valid: 1, Valid Percent: 100.00%, Whitelist: 0, IPv4: 1, IPv6: 0, Min Delay: 530 ms, Max Speed: 0.52 M/s, Avg Speed: 0.52 M/s, Max Resolution: 1920x1080
Category: 🎬台影, Name: 龙华电影, Total: 1, Valid: 0, Valid Percent: 0.00%, Whitelist: 0, IPv4: 0, IPv6: 1, Min Delay: -1 ms, Max Speed: 0.00 M/s, Avg Speed: 0.00 M/s, Max Resolution: None
Category: 🎬台影, Name: 龙华洋片, Total: 2, Valid: 0, Valid Percent: 0.00%, Whitelist: 0, IPv4: 0, IPv6: 2, Min Delay: -1 ms, Max Speed: 0.00 M/s, Avg Speed: 0.00 M/s, Max Resolution: None
Category: 🎬台影, Name: 靖天电影, Total: 10, Valid: 0, Valid Percent: 0.00%, Whitelist: 0, IPv4: 0, IPv6: 10, Min Delay: -1 ms, Max Speed: 0.00 M/s, Avg Speed: 0.00 M/s, Max Resolution: None
Category: 🎬台影, Name: 靖天映画, Total: 10, Valid: 1, Valid Percent: 10.00%, Whitelist: 0, IPv4: 1, IPv6: 9, Min Delay: 1481 ms, Max Speed: 0.64 M/s, Avg Speed: 0.64 M/s, Max Resolution: 1920x1080
Category: 🎬台影, Name: 美亚电影, Total: 3, Valid: 1, Valid Percent: 33.33%, Whitelist: 0, IPv4: 1, IPv6: 2, Min Delay: 1930 ms, Max Speed: 0.91 M/s, Avg Speed: 0.91 M/s, Max Resolution: 1920x1080
Category: 🎬台影, Name: HBO, Total: 1, Valid: 1, Valid Percent: 100.00%, Whitelist: 0, IPv4: 1, IPv6: 0, Min Delay: 1540 ms, Max Speed: 0.94 M/s, Avg Speed: 0.94 M/s, Max Resolution: 1920x1080
Category: 🌎外语, Name: CNN, Total: 5, Valid: 2, Valid Percent: 40.00%, Whitelist: 0, IPv4: 2, IPv6: 3, Min Delay: 406 ms, Max Speed: 2.66 M/s, Avg Speed: 2.66 M/s, Max Resolution: 1920x1080
Category: 🌎外语, Name: Sky News, Total: 4, Valid: 0, Valid Percent: 0.00%, Whitelist: 0, IPv4: 0, IPv6: 4, Min Delay: -1 ms, Max Speed: 0.00 M/s, Avg Speed: 0.00 M/s, Max Resolution: None
Category: 🌎外语, Name: CNA, Total: 1, Valid: 0, Valid Percent: 0.00%, Whitelist: 0, IPv4: 0, IPv6: 1, Min Delay: -1 ms, Max Speed: 0.00 M/s, Avg Speed: 0.00 M/s, Max Resolution: None
Category: 🌎外语, Name: MovieSphere, Total: 2, Valid: 1, Valid Percent: 50.00%, Whitelist: 0, IPv4: 1, IPv6: 1, Min Delay: 513 ms, Max Speed: 9.01 M/s, Avg Speed: 9.01 M/s, Max Resolution: 1920x1080
Category: 🎬影剧, Name: CHC家庭影院, Total: 9, Valid: 5, Valid Percent: 55.56%, Whitelist: 0, IPv4: 5, IPv6: 4, Min Delay: 244 ms, Max Speed: 7.31 M/s, Avg Speed: 5.41 M/s, Max Resolution: 1920x1080
Category: 🎬影剧, Name: CHC动作电影, Total: 6, Valid: 2, Valid Percent: 33.33%, Whitelist: 0, IPv4: 2, IPv6: 4, Min Delay: 310 ms, Max Speed: 5.79 M/s, Avg Speed: 4.07 M/s, Max Resolution: 1920x1080
Category: 🎬影剧, Name: NewTV动作电影, Total: 1, Valid: 0, Valid Percent: 0.00%, Whitelist: 0, IPv4: 0, IPv6: 1, Min Delay: -1 ms, Max Speed: 0.00 M/s, Avg Speed: 0.00 M/s, Max Resolution: None
